GNU ld (GNU Arm Embedded Toolchain 10.3-2021.10) 2.36.1.20210621
Copyright (C) 2021 Free Software Foundation, Inc.
This program is free software; you may redistribute it under the terms of
the GNU General Public License version 3 or (at your option) a later version.
This program has absolutely no warranty.

Linker script: linker_script.ld
Memory Configuration

Name             Origin             Length             Attributes
FLASH            0x0000000008000000 0x0000000000040000 xr
RAM              0x0000000020000000 0x0000000000010000 xrw
*default*        0x0000000000000000 0xffffffffffffffff

Linker script and memory map

LOAD build/main.o
LOAD build/system_stm32f4xx.o
LOAD build/startup_stm32f4xx.o
LOAD build/syscalls.o
LOAD build/logger.o
LOAD build/sensor.o
LOAD build/uart.o
START GROUP
LOAD /usr/lib/gcc/arm-none-eabi/10.3.1/thumb/v7e-m+fp/hard/libgcc.a
LOAD /usr/lib/gcc/arm-none-eabi/10.3.1/../../../arm-none-eabi/lib/thumb/v7e-m+fp/hard/libc.a
END GROUP

                0x0000000020010000                _estack = 0x20010000

.text           0x0000000008000000     0x1e84
 *(.isr_vector)
 .isr_vector    0x0000000008000000      0x1c4 build/startup_stm32f4xx.o
                0x0000000008000000                g_pfnVectors
 *(.text*)
 .text          0x00000000080001c4      0x3f0 build/main.o
                0x00000000080001c4                main
                0x0000000008000298                SystemInit_ExtMemCtl
                0x00000000080002dc                delay_ms
 .text          0x00000000080005b4      0x2d8 build/system_stm32f4xx.o
                0x00000000080005b4                SystemInit
                0x0000000008000710                SystemCoreClockUpdate
 .text          0x000000000800088c      0x148 build/startup_stm32f4xx.o
                0x000000000800088c                Reset_Handler
                0x0000000008000968                EXTI0_IRQHandler
 .text          0x00000000080009d4      0x6a4 build/syscalls.o
                0x00000000080009d4                _sbrk
                0x0000000008000ab8                _write
                0x0000000008000b90                _read
                0x0000000008000c48                _close
                0x0000000008000c5c                _fstat
                0x0000000008000c84                _isatty
                0x0000000008000ca4                _lseek
 .text          0x0000000008001078      0x894 build/logger.o
                0x0000000008001078                logger_init
                0x00000000080010f4                logger_write
                0x00000000080013d8                logger_process_queue
                0x00000000080016b0                logger_flush
 .text          0x000000000800190c      0x3b4 build/sensor.o
                0x000000000800190c                sensor_init
                0x00000000080019a8                sensor_read_data
                0x0000000008001b1c                sensor_calibrate
 .text          0x0000000008001cc0      0x1c4 build/uart.o
                0x0000000008001cc0                uart_init
                0x0000000008001d50                uart_send
                0x0000000008001df4                uart_receive
 *(.rodata*)
 .rodata        0x0000000008001e84      0x758
                0x0000000008001e84                _srodata = .
                0x00000000080025dc                _erodata = .

.glue_7         0x00000000080025dc        0x0
 .glue_7        0x00000000080025dc        0x0 linker stubs

.glue_7t        0x00000000080025dc        0x0
 .glue_7t       0x00000000080025dc        0x0 linker stubs

.vfp11_veneer   0x00000000080025dc        0x0
 .vfp11_veneer  0x00000000080025dc        0x0 linker stubs

.v4_bx          0x00000000080025dc        0x0
 .v4_bx         0x00000000080025dc        0x0 linker stubs

.iplt           0x00000000080025dc        0x0
 .iplt          0x00000000080025dc        0x0 build/main.o

.rel.dyn        0x00000000080025dc        0x0
 .rel.iplt      0x00000000080025dc        0x0 build/main.o

.data           0x0000000020000000      0x3fc load address 0x00000000080025dc
                0x0000000020000000                _sdata = .
 *(.data*)
 .data          0x0000000020000000       0x8c build/main.o
                0x0000000020000000                system_config
                0x0000000020000044                device_status
 .data          0x000000002000008c       0xa4 build/system_stm32f4xx.o
                0x000000002000008c                SystemCoreClock
                0x0000000020000090                AHBPrescTable
 .data          0x0000000020000130       0x14 build/syscalls.o
 .data          0x0000000020000144      0x188 build/logger.o
                0x0000000020000144                log_buffer
                0x00000000200002c4                log_statistics
 .data          0x00000000200002cc       0xb0 build/sensor.o
                0x00000000200002cc                sensor_calibration_data
                0x0000000020000350                sensor_readings
 .data          0x000000002000037c       0x80 build/uart.o
                0x000000002000037c                uart_handle
                0x00000000200003fc                _edata = .

.igot.plt       0x00000000200003fc        0x0 load address 0x00000000080029d8
 .igot.plt      0x00000000200003fc        0x0 build/main.o

.bss            0x0000000020000400     0x1600 load address 0x00000000080029d8
                0x0000000020000400                _sbss = .
 *(.bss*)
 .bss           0x0000000020000400      0x2d0 build/main.o
                0x0000000020000400                large_data_buffer
                0x0000000020000600                status_flags
 .bss           0x00000000200006d0       0x1c build/system_stm32f4xx.o
 .bss           0x00000000200006ec       0x24 build/startup_stm32f4xx.o
 .bss           0x0000000020000710       0x40 build/syscalls.o
                0x0000000020000710                heap_end
                0x0000000020000714                errno
 .bss           0x0000000020000750      0xa80 build/logger.o
                0x0000000020000750                log_queue
                0x0000000020000f50                log_temp_buffer
 .bss           0x00000000200011d0      0x640 build/sensor.o
                0x00000000200011d0                sensor_history
                0x0000000020001610                sensor_buffer
 .bss           0x0000000020001810      0x1f0 build/uart.o
                0x0000000020001810                uart_rx_buffer
                0x0000000020001910                uart_tx_buffer
 *(COMMON)
                0x0000000020001a00                _ebss = .

.heap           0x0000000020001a00     0xc600
                0x0000000020001a00                _heap_start = .
                0x000000002000e000                _heap_end = .
                0x000000002000e000                . = _heap_end

.stack          0x000000002000e000     0x2000
                0x0000000020010000                . = (. + 0x2000)
 *fill*         0x000000002000e000     0x2000 

OUTPUT(build/firmware.elf elf32-littlearm)
LOAD linker stubs

.debug_info     0x0000000000000000     0x4d28
 .debug_info    0x0000000000000000      0xc14 build/main.o
 .debug_info    0x0000000000000c14      0x8a0 build/system_stm32f4xx.o
 .debug_info    0x00000000000014b4      0x5d4 build/startup_stm32f4xx.o
 .debug_info    0x0000000000001a88      0x9f8 build/syscalls.o
 .debug_info    0x0000000000002480     0x1234 build/logger.o
 .debug_info    0x00000000000036b4      0xe50 build/sensor.o
 .debug_info    0x0000000000004504      0x824 build/uart.o

.debug_abbrev   0x0000000000000000     0x1a94
 .debug_abbrev  0x0000000000000000      0x3d8 build/main.o
 .debug_abbrev  0x00000000000003d8      0x2f4 build/system_stm32f4xx.o
 .debug_abbrev  0x00000000000006cc      0x1e8 build/startup_stm32f4xx.o
 .debug_abbrev  0x00000000000008b4      0x3a0 build/syscalls.o
 .debug_abbrev  0x0000000000000c54      0x4d8 build/logger.o
 .debug_abbrev  0x000000000000112c      0x520 build/sensor.o
 .debug_abbrev  0x000000000000164c      0x448 build/uart.o

.debug_aranges  0x0000000000000000      0x3e0
 .debug_aranges
                0x0000000000000000       0x98 build/main.o
 .debug_aranges
                0x0000000000000098       0x70 build/system_stm32f4xx.o
 .debug_aranges
                0x0000000000000108       0x58 build/startup_stm32f4xx.o
 .debug_aranges
                0x0000000000000160       0xa8 build/syscalls.o
 .debug_aranges
                0x0000000000000208       0xb8 build/logger.o
 .debug_aranges
                0x00000000000002c0       0x88 build/sensor.o
 .debug_aranges
                0x0000000000000348       0x98 build/uart.o

.debug_line     0x0000000000000000     0x2f1c
 .debug_line    0x0000000000000000      0x658 build/main.o
 .debug_line    0x0000000000000658      0x4b0 build/system_stm32f4xx.o
 .debug_line    0x0000000000000b08      0x2e4 build/startup_stm32f4xx.o
 .debug_line    0x0000000000000dec      0x7d8 build/syscalls.o
 .debug_line    0x00000000000015c4      0xa4c build/logger.o
 .debug_line    0x0000000000002010      0x8f0 build/sensor.o
 .debug_line    0x0000000000002900      0x61c build/uart.o

.debug_str      0x0000000000000000     0x1d50
 .debug_str     0x0000000000000000      0x5a8 build/main.o
 .debug_str     0x00000000000005a8      0x3e4 build/system_stm32f4xx.o
 .debug_str     0x000000000000098c      0x2b0 build/startup_stm32f4xx.o
 .debug_str     0x0000000000000c3c      0x458 build/syscalls.o
 .debug_str     0x0000000000001094      0x6d4 build/logger.o
 .debug_str     0x0000000000001768      0x3b8 build/sensor.o
 .debug_str     0x0000000000001b20      0x230 build/uart.o

.comment        0x0000000000000000       0x4e
 .comment       0x0000000000000000       0x4e build/main.o
                                         0x4f (size before relaxing)
 .comment       0x000000000000004e       0x4f build/system_stm32f4xx.o
 .comment       0x000000000000004e       0x4f build/startup_stm32f4xx.o
 .comment       0x000000000000004e       0x4f build/syscalls.o
 .comment       0x000000000000004e       0x4f build/logger.o
 .comment       0x000000000000004e       0x4f build/sensor.o
 .comment       0x000000000000004e       0x4f build/uart.o

.ARM.attributes
                0x0000000000000000       0x36
 .ARM.attributes
                0x0000000000000000       0x38 build/main.o
 .ARM.attributes
                0x0000000000000038       0x38 build/system_stm32f4xx.o
 .ARM.attributes
                0x0000000000000070       0x38 build/startup_stm32f4xx.o
 .ARM.attributes
                0x00000000000000a8       0x38 build/syscalls.o
 .ARM.attributes
                0x00000000000000e0       0x38 build/logger.o
 .ARM.attributes
                0x0000000000000118       0x38 build/sensor.o
 .ARM.attributes
                0x0000000000000150       0x38 build/uart.o

.debug_frame    0x0000000000000000     0x1cb8
 .debug_frame   0x0000000000000000      0x2e4 build/main.o
 .debug_frame   0x00000000000002e4      0x1f8 build/system_stm32f4xx.o
 .debug_frame   0x00000000000004dc      0x138 build/startup_stm32f4xx.o
 .debug_frame   0x0000000000000614      0x2dc build/syscalls.o
 .debug_frame   0x00000000000008f0      0x3d8 build/logger.o
 .debug_frame   0x0000000000000cc8      0x2b8 build/sensor.o
 .debug_frame   0x0000000000000f80      0x338 build/uart.o

Cross Reference Table

Symbol                                            File
AHBPrescTable                                     build/system_stm32f4xx.o
EXTI0_IRQHandler                                  build/startup_stm32f4xx.o
Reset_Handler                                     build/startup_stm32f4xx.o
SystemCoreClock                                   build/system_stm32f4xx.o
SystemCoreClockUpdate                             build/system_stm32f4xx.o
SystemInit                                        build/system_stm32f4xx.o
SystemInit_ExtMemCtl                              build/main.o
_ebss                                             build/startup_stm32f4xx.o
_edata                                            build/startup_stm32f4xx.o
_erodata                                          linker_script.ld
_estack                                           build/startup_stm32f4xx.o
                                                  linker_script.ld
_heap_end                                         build/syscalls.o
                                                  linker_script.ld
_heap_start                                       build/syscalls.o
                                                  linker_script.ld
_sbss                                             build/startup_stm32f4xx.o
_sdata                                            build/startup_stm32f4xx.o
_srodata                                          linker_script.ld
_sbrk                                             build/syscalls.o
_close                                            build/syscalls.o
_fstat                                            build/syscalls.o
_isatty                                           build/syscalls.o
_lseek                                            build/syscalls.o
_read                                             build/syscalls.o
_write                                            build/syscalls.o
delay_ms                                          build/main.o
device_status                                     build/main.o
errno                                             build/syscalls.o
g_pfnVectors                                      build/startup_stm32f4xx.o
heap_end                                          build/syscalls.o
large_data_buffer                                 build/main.o
log_buffer                                        build/logger.o
log_queue                                         build/logger.o
log_statistics                                    build/logger.o
log_temp_buffer                                   build/logger.o
logger_flush                                      build/logger.o
logger_init                                       build/logger.o
logger_process_queue                              build/logger.o
logger_write                                      build/logger.o
main                                              build/main.o
sensor_buffer                                     build/sensor.o
sensor_calibrate                                  build/sensor.o
sensor_calibration_data                           build/sensor.o
sensor_history                                    build/sensor.o
sensor_init                                       build/sensor.o
sensor_read_data                                  build/sensor.o
sensor_readings                                   build/sensor.o
status_flags                                      build/main.o
system_config                                     build/main.o
uart_handle                                       build/uart.o
uart_init                                         build/uart.o
uart_receive                                      build/uart.o
uart_rx_buffer                                    build/uart.o
uart_send                                         build/uart.o
uart_tx_buffer                                    build/uart.o